node : MongoDB connection error: connect ECONNREFUSED 127.0.0.1:27017
At line:1 char:35
+ cd c:\Users\DELL\MIDWIFI\server ; node src/server.js 2>&1 | Tee-Objec ...
+                                   ~~~~~~~~~~~~~~~~~~~~~~~
    + CategoryInfo          : NotSpecified: (MongoDB connect...127.0.0.1:27017 
   :String) [], RemoteException
    + FullyQualifiedErrorId : NativeCommandError
 
Continuing without database connection for testing...
Skipping admin user initialization - database unavailable
Admin user initialization skipped - database unavailable
Views path: C:\Users\DELL\MIDWIFI\server\src\views
MID-WIFI server running on http://localhost:4000
Error fetching counts: MongooseError: Operation `students.countDocuments()` 
buffering timed out after 10000ms
    at Timeout.<anonymous> (C:\Users\DELL\MIDWIFI\server\node_modules\mongoose\
lib\drivers\node-mongodb-native\collection.js:185:23)
    at listOnTimeout (node:internal/timers:605:17)
    at process.processTimers (node:internal/timers:541:7)
C:\Users\DELL\MIDWIFI\server\node_modules\mongodb\lib\sdam\topology.js:327
                const timeoutError = new 
error_1.MongoServerSelectionError(`Server selection timed out after 
${timeout?.duration} ms`, this.description);
                                     ^

MongoServerSelectionError: connect ECONNREFUSED 127.0.0.1:27017
    at Topology.selectServer 
(C:\Users\DELL\MIDWIFI\server\node_modules\mongodb\lib\sdam\topology.js:327:38)
    at async Topology._connect 
(C:\Users\DELL\MIDWIFI\server\node_modules\mongodb\lib\sdam\topology.js:200:28)
    at async Topology.connect 
(C:\Users\DELL\MIDWIFI\server\node_modules\mongodb\lib\sdam\topology.js:152:13)
    at async topologyConnect 
(C:\Users\DELL\MIDWIFI\server\node_modules\mongodb\lib\mongo_client.js:264:17)
    at async MongoClient._connect 
(C:\Users\DELL\MIDWIFI\server\node_modules\mongodb\lib\mongo_client.js:277:13)
    at async MongoClient.connect 
(C:\Users\DELL\MIDWIFI\server\node_modules\mongodb\lib\mongo_client.js:202:13)
    at async MongoClient.connect 
(C:\Users\DELL\MIDWIFI\server\node_modules\mongodb\lib\mongo_client.js:446:16) 
{
  errorLabelSet: Set(0) {},
  reason: TopologyDescription {
    type: 'Unknown',
    servers: Map(1) {
      '127.0.0.1:27017' => ServerDescription {
        address: '127.0.0.1:27017',
        type: 'Unknown',
        hosts: [],
        passives: [],
        arbiters: [],
        tags: {},
        minWireVersion: 0,
        maxWireVersion: 0,
        roundTripTime: -1,
        minRoundTripTime: 0,
        lastUpdateTime: 21063766,
        lastWriteDate: 0,
        error: MongoNetworkError: connect ECONNREFUSED 127.0.0.1:27017
            at Socket.<anonymous> 
(C:\Users\DELL\MIDWIFI\server\node_modules\mongodb\lib\cmap\connect.js:286:44)
            at Object.onceWrapper (node:events:623:26)
            at Socket.emit (node:events:508:28)
            at emitErrorNT (node:internal/streams/destroy:170:8)
            at emitErrorCloseNT (node:internal/streams/destroy:129:3)
            at process.processTicksAndRejections 
(node:internal/process/task_queues:89:21) {
          errorLabelSet: Set(1) { 'ResetPool' },
          beforeHandshake: false,
          [cause]: Error: connect ECONNREFUSED 127.0.0.1:27017
              at TCPConnectWrap.afterConnect [as oncomplete] 
(node:net:1637:16) {
            errno: -4078,
            code: 'ECONNREFUSED',
            syscall: 'connect',
            address: '127.0.0.1',
            port: 27017
          }
        },
        topologyVersion: null,
        setName: null,
        setVersion: null,
        electionId: null,
        logicalSessionTimeoutMinutes: null,
        maxMessageSizeBytes: null,
        maxWriteBatchSize: null,
        maxBsonObjectSize: null,
        primary: null,
        me: null,
        '$clusterTime': null,
        iscryptd: false
      }
    },
    stale: false,
    compatible: true,
    heartbeatFrequencyMS: 10000,
    localThresholdMS: 15,
    setName: null,
    maxElectionId: null,
    maxSetVersion: null,
    commonWireVersion: 0,
    logicalSessionTimeoutMinutes: null
  },
  code: undefined,
  [cause]: MongoNetworkError: connect ECONNREFUSED 127.0.0.1:27017
      at Socket.<anonymous> 
(C:\Users\DELL\MIDWIFI\server\node_modules\mongodb\lib\cmap\connect.js:286:44)
      at Object.onceWrapper (node:events:623:26)
      at Socket.emit (node:events:508:28)
      at emitErrorNT (node:internal/streams/destroy:170:8)
      at emitErrorCloseNT (node:internal/streams/destroy:129:3)
      at process.processTicksAndRejections 
(node:internal/process/task_queues:89:21) {
    errorLabelSet: Set(1) { 'ResetPool' },
    beforeHandshake: false,
    [cause]: Error: connect ECONNREFUSED 127.0.0.1:27017
        at TCPConnectWrap.afterConnect [as oncomplete] (node:net:1637:16) {
      errno: -4078,
      code: 'ECONNREFUSED',
      syscall: 'connect',
      address: '127.0.0.1',
      port: 27017
    }
  }
}

Node.js v24.12.0
